#-----------------------------------------------------------
# Vivado v2023.2 (64-bit)
# SW Build 4029153 on Fri Oct 13 20:13:54 MDT 2023
# IP Build 4028589 on Sat Oct 14 00:45:43 MDT 2023
# SharedData Build 4025554 on Tue Oct 10 17:18:54 MDT 2023
# Start of session at: Tue Feb 17 00:09:51 2026
# Process ID: 3997720
# Current directory: /home/mss464/minitpu/tpu/ultra96-v2/output/tpu_system/tpu_system.runs/minitpu_proc_sys_reset_0_0_synth_1
# Command line: vivado -log minitpu_proc_sys_reset_0_0.vds -product Vivado -mode batch -messageDb vivado.pb -notrace -source minitpu_proc_sys_reset_0_0.tcl
# Log file: /home/mss464/minitpu/tpu/ultra96-v2/output/tpu_system/tpu_system.runs/minitpu_proc_sys_reset_0_0_synth_1/minitpu_proc_sys_reset_0_0.vds
# Journal file: /home/mss464/minitpu/tpu/ultra96-v2/output/tpu_system/tpu_system.runs/minitpu_proc_sys_reset_0_0_synth_1/vivado.jou
# Running On: brg-zhang-xcel.ece.cornell.edu, OS: Linux, CPU Frequency: 3200.000 MHz, CPU Physical cores: 22, Host memory: 235732 MB
#-----------------------------------------------------------
source minitpu_proc_sys_reset_0_0.tcl -notrace
