#-----------------------------------------------------------
# Vivado v2023.2 (64-bit)
# SW Build 4029153 on Fri Oct 13 20:13:54 MDT 2023
# IP Build 4028589 on Sat Oct 14 00:45:43 MDT 2023
# SharedData Build 4025554 on Tue Oct 10 17:18:54 MDT 2023
# Start of session at: Tue Feb 17 00:14:54 2026
# Process ID: 4006174
# Current directory: /home/mss464/minitpu/tpu/ultra96-v2/output/tpu_system/tpu_system.runs/impl_1
# Command line: vivado -log minitpu_wrapper.vdi -applog -product Vivado -messageDb vivado.pb -mode batch -source minitpu_wrapper.tcl -notrace
# Log file: /home/mss464/minitpu/tpu/ultra96-v2/output/tpu_system/tpu_system.runs/impl_1/minitpu_wrapper.vdi
# Journal file: /home/mss464/minitpu/tpu/ultra96-v2/output/tpu_system/tpu_system.runs/impl_1/vivado.jou
# Running On: brg-zhang-xcel.ece.cornell.edu, OS: Linux, CPU Frequency: 3200.000 MHz, CPU Physical cores: 22, Host memory: 235732 MB
#-----------------------------------------------------------
source minitpu_wrapper.tcl -notrace
